// Jest Snapshot v1, https://goo.gl/fbAQLP

exports[`Test how work amount counter The test counter is not working properly 1`] = `4.87`;
