// Jest Snapshot v1, https://goo.gl/fbAQLP

exports[`Blur component unit test should return Blur layout component 1`] = `
<div
  className="sc-bdvvtL eLBDUL"
/>
`;
