// Jest Snapshot v1, https://goo.gl/fbAQLP

exports[`render snapShot should return UserName layout component 1`] = `
<ul
  className="sc-bdvvtL cAezNv"
>
  <span
    className="sc-gsDKAQ igZSXo"
  >
    Test User
  </span>
</ul>
`;
